register tokenizers/yangram
[[0,0.0,0.0],true]
table_create known_phrases TABLE_PAT_KEY ShortText
[[0,0.0,0.0],true]
load --table known_phrases
[
{"_key": "【請求項3】"}
]
[[0,0.0,0.0],1]
tokenize TokenYaBigram "検索システム【請求項３】" NormalizerAuto --mode ADD
[
  [
    0,
    0.0,
    0.0
  ],
  [
    {
      "value": "検索",
      "position": 0
    },
    {
      "value": "索シ",
      "position": 1
    },
    {
      "value": "シス",
      "position": 2
    },
    {
      "value": "ステ",
      "position": 3
    },
    {
      "value": "テム",
      "position": 4
    },
    {
      "value": "ム",
      "position": 5
    },
    {
      "value": "【請求項3】",
      "position": 6
    }
  ]
]
tokenize TokenYaBigram "検索システム【請求項３】" NormalizerAuto --mode GET
[
  [
    0,
    0.0,
    0.0
  ],
  [
    {
      "value": "検索",
      "position": 0
    },
    {
      "value": "シス",
      "position": 2
    },
    {
      "value": "テム",
      "position": 4
    },
    {
      "value": "【請求項3】",
      "position": 6
    }
  ]
]
