register tokenizers/yangram
[[0,0.0,0.0],true]
tokenize TokenYaBigramSplitSymbolAlphaOverskip "This is" NormalizerAuto --mode GET
[
  [
    0,
    0.0,
    0.0
  ],
  [
    {
      "value": "th",
      "position": 0
    },
    {
      "value": "is",
      "position": 2
    },
    {
      "value": "is",
      "position": 4
    }
  ]
]
