register tokenizers/yangram
[[0,0.0,0.0],true]
table_create vgram_words TABLE_HASH_KEY ShortText
[[0,0.0,0.0],true]
load --table vgram_words
[
{"_key": "雨だ"},
{"_key": "雨"}
]
[[0,0.0,0.0],2]
tokenize TokenYaVgramBoth "今日は雨だ" NormalizerAuto --mode ADD
[
  [
    0,
    0.0,
    0.0
  ],
  [
    {
      "value": "今日",
      "position": 0,
      "force_prefix": false,
      "force_prefix_search": false
    },
    {
      "value": "日は",
      "position": 1,
      "force_prefix": false,
      "force_prefix_search": false
    },
    {
      "value": "は雨だ",
      "position": 2,
      "force_prefix": false,
      "force_prefix_search": false
    },
    {
      "value": "雨だ",
      "position": 3,
      "force_prefix": false,
      "force_prefix_search": false
    },
    {
      "value": "だ",
      "position": 4,
      "force_prefix": false,
      "force_prefix_search": false
    }
  ]
]
tokenize TokenYaVgramBoth "今日は雨だ" NormalizerAuto --mode GET
[
  [
    0,
    0.0,
    0.0
  ],
  [
    {
      "value": "今日",
      "position": 0,
      "force_prefix": false,
      "force_prefix_search": false
    },
    {
      "value": "は雨だ",
      "position": 2,
      "force_prefix": false,
      "force_prefix_search": false
    }
  ]
]
tokenize TokenYaVgramBoth "今日は雨" NormalizerAuto --mode ADD
[
  [
    0,
    0.0,
    0.0
  ],
  [
    {
      "value": "今日",
      "position": 0,
      "force_prefix": false,
      "force_prefix_search": false
    },
    {
      "value": "日は",
      "position": 1,
      "force_prefix": false,
      "force_prefix_search": false
    },
    {
      "value": "は雨",
      "position": 2,
      "force_prefix": false,
      "force_prefix_search": false
    },
    {
      "value": "雨",
      "position": 3,
      "force_prefix": false,
      "force_prefix_search": false
    }
  ]
]
tokenize TokenYaVgramBoth "今日は雨" NormalizerAuto --mode GET
[
  [
    0,
    0.0,
    0.0
  ],
  [
    {
      "value": "今日",
      "position": 0,
      "force_prefix": false,
      "force_prefix_search": false
    },
    {
      "value": "は雨",
      "position": 2,
      "force_prefix": true,
      "force_prefix_search": true
    }
  ]
]
