register tokenizers/yangram
[[0,0.0,0.0],true]
tokenize TokenYaBigram "アイＡＢうえ" NormalizerAuto --mode GET
[
  [
    0,
    0.0,
    0.0
  ],
  [
    {
      "value": "アイ",
      "position": 0
    },
    {
      "value": "ab",
      "position": 2
    },
    {
      "value": "うえ",
      "position": 3
    }
  ]
]
