register tokenizers/yangram
[[0,0.0,0.0],true]
yangram_register 2 --overlap_skip 1
[[0,0.0,0.0],"TokenYaBigramSkipOverlap"]
tokenize TokenYaBigramSkipOverlap "広告　評論家" NormalizerAuto --mode GET
[
  [
    0,
    0.0,
    0.0
  ],
  [
    {
      "value": "広告",
      "position": 0
    },
    {
      "value": " 評",
      "position": 2
    },
    {
      "value": "論家",
      "position": 4
    }
  ]
]
