register tokenizers/yangram
[[0,0.0,0.0],true]
yangram_register --skip_stopword 1
[[0,0.0,0.0],"TokenYaBigramSkipStopword"]
tokenizer_list
[
  [
    0,
    0.0,
    0.0
  ],
  [
    {
      "name": "TokenDelimit"
    },
    {
      "name": "TokenUnigram"
    },
    {
      "name": "TokenBigram"
    },
    {
      "name": "TokenTrigram"
    },
    {
      "name": "TokenBigramSplitSymbol"
    },
    {
      "name": "TokenBigramSplitSymbolAlpha"
    },
    {
      "name": "TokenBigramSplitSymbolAlphaDigit"
    },
    {
      "name": "TokenBigramIgnoreBlank"
    },
    {
      "name": "TokenBigramIgnoreBlankSplitSymbol"
    },
    {
      "name": "TokenBigramIgnoreBlankSplitSymbolAlpha"
    },
    {
      "name": "TokenBigramIgnoreBlankSplitSymbolAlphaDigit"
    },
    {
      "name": "TokenDelimitNull"
    },
    {
      "name": "TokenYaBigramSkipStopword"
    }
  ]
]
tokenize TokenYaBigramSkipStopword "今日は雨だ" NormalizerAuto
[
  [
    0,
    0.0,
    0.0
  ],
  [
    {
      "value": "今日",
      "position": 0
    },
    {
      "value": "日は",
      "position": 1
    },
    {
      "value": "は雨",
      "position": 2
    },
    {
      "value": "雨だ",
      "position": 3
    },
    {
      "value": "だ",
      "position": 4
    }
  ]
]
