register tokenizers/yangram
[[0,0.0,0.0],true]
yangram_register --ngram_unit 2 --split_alpha 0
[[0,0.0,0.0],"TokenYaBigram"]
tokenizer_list
[
  [
    0,
    0.0,
    0.0
  ],
  [
    {
      "name": "TokenDelimit"
    },
    {
      "name": "TokenUnigram"
    },
    {
      "name": "TokenBigram"
    },
    {
      "name": "TokenTrigram"
    },
    {
      "name": "TokenBigramSplitSymbol"
    },
    {
      "name": "TokenBigramSplitSymbolAlpha"
    },
    {
      "name": "TokenBigramSplitSymbolAlphaDigit"
    },
    {
      "name": "TokenBigramIgnoreBlank"
    },
    {
      "name": "TokenBigramIgnoreBlankSplitSymbol"
    },
    {
      "name": "TokenBigramIgnoreBlankSplitSymbolAlpha"
    },
    {
      "name": "TokenBigramIgnoreBlankSplitSymbolAlphaDigit"
    },
    {
      "name": "TokenDelimitNull"
    },
    {
      "name": "TokenYaBigram"
    }
  ]
]
tokenize TokenYaBigram "abc de" NormalizerAuto
[[0,0.0,0.0],[{"value":"abc","position":0},{"value":"de","position":1}]]
