register tokenizers/yangram
[[0,0.0,0.0],true]
yangram_register 2 --skip_overlap 1
[[0,0.0,0.0],"TokenYaBigramSkipOverlap"]
tokenize TokenYaBigramSkipOverlap "つつ きつつ" NormalizerAuto --mode GET
[
  [
    0,
    0.0,
    0.0
  ],
  [
    {
      "value": "つつ",
      "position": 0
    },
    {
      "value": " き",
      "position": 2
    },
    {
      "value": "つつ",
      "position": 4
    }
  ]
]
