register tokenizers/yangram
[[0,0.0,0.0],true]
tokenize TokenYaBigram "つつAきつつ" NormalizerAuto --mode GET
[
  [
    0,
    0.0,
    0.0
  ],
  [
    {
      "value": "つつ",
      "position": 0
    },
    {
      "value": "a",
      "position": 2
    },
    {
      "value": "きつ",
      "position": 3
    },
    {
      "value": "つつ",
      "position": 4
    }
  ]
]
