register tokenizers/yangram
[[0,0.0,0.0],true]
yangram_register 2 --skip_overlap 1
[[0,0.0,0.0],"TokenYaBigramSkipOverlap"]
tokenize TokenYaBigramSkipOverlap "つつきAきつつ" NormalizerAuto --mode GET
[
  [
    0,
    0.0,
    0.0
  ],
  [
    {
      "value": "つつ",
      "position": 0
    },
    {
      "value": "つき",
      "position": 1
    },
    {
      "value": "a",
      "position": 3
    },
    {
      "value": "きつ",
      "position": 4
    },
    {
      "value": "つつ",
      "position": 5
    }
  ]
]
