register tokenizers/yangram
[[0,0.0,0.0],true]
tokenize TokenYaBigram "今日はABC雨だ" NormalizerAuto --mode GET
[
  [
    0,
    0.0,
    0.0
  ],
  [
    {
      "value": "今日",
      "position": 0
    },
    {
      "value": "日は",
      "position": 1
    },
    {
      "value": "abc",
      "position": 3
    },
    {
      "value": "雨だ",
      "position": 4
    }
  ]
]
