register tokenizers/yangram
[[0,0.0,0.0],true]
tokenize TokenYaBigram "Tommorowは雨だな。" NormalizerAuto --mode ADD
[
  [
    0,
    0.0,
    0.0
  ],
  [
    {
      "value": "tommorow",
      "position": 0,
      "force_prefix": false
    },
    {
      "value": "は雨",
      "position": 1,
      "force_prefix": false
    },
    {
      "value": "雨だ",
      "position": 2,
      "force_prefix": false
    },
    {
      "value": "だな",
      "position": 3,
      "force_prefix": false
    },
    {
      "value": "な",
      "position": 4,
      "force_prefix": false
    },
    {
      "value": "。",
      "position": 5,
      "force_prefix": false
    }
  ]
]
