register tokenizers/yangram
[[0,0.0,0.0],true]
tokenize TokenYaBigram "今日は雨だ" NormalizerAuto --mode GET
[
  [
    0,
    0.0,
    0.0
  ],
  [
    {
      "value": "今日",
      "position": 0
    },
    {
      "value": "は雨",
      "position": 2
    },
    {
      "value": "雨だ",
      "position": 3
    }
  ]
]
