register tokenizers/yangram
[[0,0.0,0.0],true]
tokenize TokenYaBigram "今日は、雨だな。" --mode GET
[
  [
    0,
    0.0,
    0.0
  ],
  [
    {
      "value": "今日",
      "position": 0,
      "force_prefix": false,
      "force_prefix_search": false
    },
    {
      "value": "は、",
      "position": 2,
      "force_prefix": false,
      "force_prefix_search": false
    },
    {
      "value": "雨だ",
      "position": 4,
      "force_prefix": false,
      "force_prefix_search": false
    },
    {
      "value": "な。",
      "position": 6,
      "force_prefix": false,
      "force_prefix_search": false
    }
  ]
]
