register tokenizers/yangram
[[0,0.0,0.0],true]
yangram_register 3 --split_symbol 1 --split_alpha 1 --skip_overlap 1
[[0,0.0,0.0],"TokenYaTrigramSplitSymbolAlphaSkipOverlap"]
tokenize TokenYaTrigramSplitSymbolAlphaSkipOverlap "Tommorow is rainy" NormalizerAuto --mode GET
[
  [
    0,
    0.0,
    0.0
  ],
  [
    {
      "value": "tom",
      "position": 0
    },
    {
      "value": "mor",
      "position": 3
    },
    {
      "value": "ow ",
      "position": 6
    },
    {
      "value": "is ",
      "position": 9
    },
    {
      "value": "rai",
      "position": 12
    },
    {
      "value": "iny",
      "position": 14
    }
  ]
]
