register tokenizers/yangram
[[0,0.0,0.0],true]
tokenize TokenYaBigramContinua "今日はなぁ雨だな" NormalizerAuto --mode GET
[
  [
    0,
    0.0,
    0.0
  ],
  [
    {
      "value": "今日",
      "position": 0
    },
    {
      "value": "日は",
      "position": 1
    },
    {
      "value": "はな",
      "position": 2
    },
    {
      "value": "なぁ",
      "position": 3
    },
    {
      "value": "雨だ",
      "position": 4
    },
    {
      "value": "だな",
      "position": 5
    }
  ]
]
