register tokenizers/yangram
[[0,0.0,0.0],true]
yangram_register --stem_snowball en
[[0,0.0,0.0],"TokenYaBigramStemSnowball"]
tokenize TokenYaBigramStemSnowball "There are cars" NormalizerAuto
[
  [
    0,
    0.0,
    0.0
  ],
  [
    {
      "value": "there",
      "position": 0
    },
    {
      "value": "are",
      "position": 1
    },
    {
      "value": "car",
      "position": 2
    }
  ]
]
