register tokenizers/yangram
[[0,0.0,0.0],true]
yangram_register 2 --overlap_skip 1
[[0,0.0,0.0],"TokenYaBigramSkipOverlap"]
tokenize TokenYaBigramSkipOverlap "つつき きつつ" NormalizerAuto --mode GET
[
  [
    0,
    0.0,
    0.0
  ],
  [
    {
      "value": "つつ",
      "position": 0
    },
    {
      "value": "き ",
      "position": 2
    },
    {
      "value": "きつ",
      "position": 4
    },
    {
      "value": "つつ",
      "position": 5
    }
  ]
]
