register tokenizers/yangram
[[0,0.0,0.0],true]
yangram_register 2 --overlap_skip 1
[[0,0.0,0.0],"TokenYaBigramSkipOverlap"]
tokenize TokenYaBigramSkipOverlap "今日は雨だな" NormalizerAuto --mode ADD
[
  [
    0,
    0.0,
    0.0
  ],
  [
    {
      "value": "今日",
      "position": 0
    },
    {
      "value": "日は",
      "position": 1
    },
    {
      "value": "は雨",
      "position": 2
    },
    {
      "value": "雨だ",
      "position": 3
    },
    {
      "value": "だな",
      "position": 4
    },
    {
      "value": "な",
      "position": 5
    }
  ]
]
