register tokenizers/yangram
[[0,0.0,0.0],true]
yangram_register 2 --filter_combhira 1 --filter_combkata 1
[[0,0.0,0.0],"TokenYaBigramFilterCombhiraCombkata"]
tokenize TokenYaBigramFilterCombhiraCombkata "今日はサ雨だ。どのカサ" NormalizerAuto --mode GET
[
  [
    0,
    0.0,
    0.0
  ],
  [
    {
      "value": "今日",
      "position": 0
    },
    {
      "value": "日は",
      "position": 1
    },
    {
      "value": "雨だ",
      "position": 2
    },
    {
      "value": "。",
      "position": 4
    },
    {
      "value": "どの",
      "position": 5
    },
    {
      "value": "カサ",
      "position": 6
    }
  ]
]
