register tokenizers/yangram
[[0,0.0,0.0],true]
yangram_register 2 --filter_combhira 1 --filter_combkata 1
[[0,0.0,0.0],"TokenYaBigramFilterCombhiraCombkata"]
tokenize TokenYaBigramFilterCombhiraCombkata "今日は雨だ" NormalizerAuto --mode ADD
[
  [
    0,
    0.0,
    0.0
  ],
  [
    {
      "value": "今日",
      "position": 0
    },
    {
      "value": "日は",
      "position": 1
    },
    {
      "value": "雨だ",
      "position": 2
    },
    {
      "value": "だ",
      "position": 3
    }
  ]
]
