register tokenizers/yangram
[[0,0.0,0.0],true]
tokenize TokenYaBigramOverskipContinua "新データベース" NormalizerAuto --mode GET
[
  [
    0,
    0.0,
    0.0
  ],
  [
    {
      "value": "新デ",
      "position": 0
    },
    {
      "value": "デー",
      "position": 1
    },
    {
      "value": "タベ",
      "position": 2
    },
    {
      "value": "ベー",
      "position": 3
    },
    {
      "value": "ース",
      "position": 4
    }
  ]
]
