register tokenizers/yangram
[[0,0.0,0.0],true]
yangram_register 2 --overlap_skip 1
[[0,0.0,0.0],"TokenYaBigramSkipOverlap"]
table_create Entries TABLE_NO_KEY
[[0,0.0,0.0],true]
column_create Entries body COLUMN_SCALAR ShortText
[[0,0.0,0.0],true]
table_create Terms TABLE_PAT_KEY ShortText --default_tokenizer TokenYaBigramSkipOverlap --normalizer NormalizerAuto
[[0,0.0,0.0],true]
column_create Terms document_index COLUMN_INDEX|WITH_POSITION Entries body
[[0,0.0,0.0],true]
load --table Entries
[
{"body": "今日は雨だ"}
]
[[0,0.0,0.0],1]
select Entries --output_columns   --match_columns body --query '今日は'   --output_columns body
[[0,0.0,0.0],[[[1],[["body","ShortText"]],["今日は雨だ"]]]]
